C:/Users/DANNY/STM32CubeIDE/BEGINNER_STM32L432KC/Core/Src/syscalls.c:44:6:initialise_monitor_handles	4	static
C:/Users/DANNY/STM32CubeIDE/BEGINNER_STM32L432KC/Core/Src/syscalls.c:48:5:_getpid	4	static
C:/Users/DANNY/STM32CubeIDE/BEGINNER_STM32L432KC/Core/Src/syscalls.c:87:6:_exit	16	static
C:/Users/DANNY/STM32CubeIDE/BEGINNER_STM32L432KC/Core/Src/syscalls.c:93:27:_read	32	static
C:/Users/DANNY/STM32CubeIDE/BEGINNER_STM32L432KC/Core/Src/syscalls.c:106:27:_write	32	static
C:/Users/DANNY/STM32CubeIDE/BEGINNER_STM32L432KC/Core/Src/syscalls.c:118:5:_close	16	static
C:/Users/DANNY/STM32CubeIDE/BEGINNER_STM32L432KC/Core/Src/syscalls.c:125:5:_fstat	16	static
C:/Users/DANNY/STM32CubeIDE/BEGINNER_STM32L432KC/Core/Src/syscalls.c:132:5:_isatty	16	static
C:/Users/DANNY/STM32CubeIDE/BEGINNER_STM32L432KC/Core/Src/syscalls.c:138:5:_lseek	24	static
C:/Users/DANNY/STM32CubeIDE/BEGINNER_STM32L432KC/Core/Src/syscalls.c:146:5:_open	12	static
C:/Users/DANNY/STM32CubeIDE/BEGINNER_STM32L432KC/Core/Src/syscalls.c:154:5:_wait	16	static
C:/Users/DANNY/STM32CubeIDE/BEGINNER_STM32L432KC/Core/Src/syscalls.c:161:5:_unlink	16	static
C:/Users/DANNY/STM32CubeIDE/BEGINNER_STM32L432KC/Core/Src/syscalls.c:168:5:_times	16	static
C:/Users/DANNY/STM32CubeIDE/BEGINNER_STM32L432KC/Core/Src/syscalls.c:174:5:_stat	16	static
C:/Users/DANNY/STM32CubeIDE/BEGINNER_STM32L432KC/Core/Src/syscalls.c:181:5:_link	16	static
C:/Users/DANNY/STM32CubeIDE/BEGINNER_STM32L432KC/Core/Src/syscalls.c:189:5:_fork	8	static
C:/Users/DANNY/STM32CubeIDE/BEGINNER_STM32L432KC/Core/Src/syscalls.c:195:5:_execve	24	static
